library(animation, lib.loc = "c:/Program Files/R/R/library")
> detach("package:animation", unload = TRUE)
> tm
Error: object 'tm' not found
> ininstall.packages(tm)
Error in ininstall.packages(tm) : 
  could not find function "ininstall.packages"
> 
> ininstall.packages("tm")
Error in ininstall.packages("tm") : 
  could not find function "ininstall.packages"
> library(tm)
Error in library(tm) : nie ma pakietu o nazwie ‘tm’
> install.packages("tm")
Installing package into ‘C:/Users/s-117-07/Documents/R/win-library/3.6’
(as ‘lib’ is unspecified)
also installing the dependencies ‘NLP’, ‘xml2’

trying URL 'https://cran.rstudio.com/bin/windows/contrib/3.6/NLP_0.2-0.zip'
Content type 'application/zip' length 393252 bytes (384 KB)
downloaded 384 KB

trying URL 'https://cran.rstudio.com/bin/windows/contrib/3.6/xml2_1.2.2.zip'
Content type 'application/zip' length 3492121 bytes (3.3 MB)
downloaded 3.3 MB

trying URL 'https://cran.rstudio.com/bin/windows/contrib/3.6/tm_0.7-7.zip'
Content type 'application/zip' length 1370539 bytes (1.3 MB)
downloaded 1.3 MB

package ‘NLP’ successfully unpacked and MD5 sums checked
package ‘xml2’ successfully unpacked and MD5 sums checked
package ‘tm’ successfully unpacked and MD5 sums checked

The downloaded binary packages are in
	C:\Users\s-117-07\AppData\Local\Temp\RtmpoLu3Y8\downloaded_packages
> library(tm)
Ładowanie wymaganego pakietu: NLP
Warning message:
pakiet ‘tm’ został zbudowany w wersji R 3.6.2 
> workDir <- "D:\\KSZ\\PJN\\TextMining12s"
> setwd(workDir)
Error in setwd(workDir) : cannot change working directory
> workDir <- "D:\\KSZ\\PJN\\TextMining12s"
> setwd(workDir)
> setwd(workDir)
> workDir <- "D:\\KSZ\\PJN\\TextMining12s"
> setwd(workDir)
> 
> inputDir <- ".\\data"
> workDir <- "D:\\KSZ\\PJN\\TextMining12s"
> setwd(workDir)
> outputDir <- ".\\results"
> scriptsDir <- ".\\scripts"
> dir.create(outputDir, showWarnings = TRUE)
Warning message:
In dir.create(outputDir, showWarnings = TRUE) : '.\results' already exists
> dir.create(outputDir, showWarnings = FALSE)
> corpusDir <- paste(inputDir,"\\", "C:\Users\s-117-07\Downloads\Literatura")
Error: '\U' used without hex digits in character string starting ""C:\U"
> corpusDir <- paste(inputDir,"\\", "C:\\Users\\s-117-07\\Downloads\\Literatura")
> corpusDir <- paste(inputDir,"\\", "Literatura")
> corpus <- VCorups()
Error in VCorups() : could not find function "VCorups"
> corpus <- VCorups(DirSource(corpusDir,pattern = "*.txt", encoding = "UTF-8"), readerControl = list(language = "pl_PL"))
Error in VCorups(DirSource(corpusDir, pattern = "*.txt", encoding = "UTF-8"),  : 
  could not find function "VCorups"
> corpusDir <- paste(inputDir,"\\", "Literatura", sep = "")
> corpus <- VCorups(DirSource(corpusDir,pattern = "*.txt", encoding = "UTF-8"), readerControl = list(language = "pl_PL"))
Error in VCorups(DirSource(corpusDir, pattern = "*.txt", encoding = "UTF-8"),  : 
  could not find function "VCorups"
> corpus <- Vcorups(DirSource(corpusDir,pattern = "*.txt", encoding = "UTF-8"), readerControl = list(language = "pl_PL"))
Error in Vcorups(DirSource(corpusDir, pattern = "*.txt", encoding = "UTF-8"),  : 
  could not find function "Vcorups"
> corpus <- VCorups(DirSource(corpusDir,pattern = "*.txt", encoding = "UTF-8"), readerControl = list(language = "pl_PL"))
Error in VCorups(DirSource(corpusDir, pattern = "*.txt", encoding = "UTF-8"),  : 
  could not find function "VCorups"
> corpus <- VCorpus(DirSource(corpusDir,pattern = "*.txt", encoding = "UTF-8"), readerControl = list(language = "pl_PL"))
> view(corpus)
Error in view(corpus) : could not find function "view"
> view(corpus)
Error in view(corpus) : could not find function "view"
> View(corpus)